curl \
	--header "Accept: application/json" \
	--header "Content-Type: application/json" \
	--header "X-Client-Info: postgrest-swift/x.y.z" \
	"https://example.supabase.co/users?age=cd.%5B10,20%5D&select=*"