curl \
	--header "Accept: application/json" \
	--header "Content-Type: application/json" \
	--header "X-Client-Info: postgrest-swift/x.y.z" \
	"https://example.supabase.co/users?id=cd.%7Ba,b,c%7D&select=*"