curl \
	--request POST \
	--header "apikey: supabase.anon.key" \
	--header "x-client-info: functions-swift/x.y.z" \
	"http://localhost:5432/functions/v1/hello-world"