curl \
	--header "Apikey: dummy.api.key" \
	--header "Authorization: Bearer accesstoken" \
	--header "X-Client-Info: gotrue-swift/x.y.z" \
	"http://localhost:54321/auth/v1/user/identities/authorize?extra_key=extra_value&provider=github&redirect_to=https://supabase.com&scopes=user:email&skip_http_redirect=true"